// Jest Snapshot v1, https://goo.gl/fbAQLP

exports[`App component <App /> match snapshot 1`] = `"<View style=\\"flex:1\\"><View style=\\"flex:1\\"><View style=\\"flex:1\\"><View style=\\"position:absolute;left:0;bottom:0;right:0;height:32px;z-index:1001\\" pointer-events=\\"box-none\\"><Text style=\\"position:absolute;right:0;bottom:0;z-index:1003;background-color:#FFFFFF99;padding:3px;font-size:8px\\" ellipsizeMode=\\"tail\\">© THiNKNET Co.,Ltd. | © OSM contributors</Text><Image style=\\"position:absolute;left:0;bottom:0;z-index:1002;width:90px;height:21px;margin:2px;margin-left:10px\\" source=\\"[object Object]\\" resizeMode=\\"contain\\"></Image></View></View></View></View>"`;
